npm warn Unknown project config "disturl". This will stop working in the next major version of npm.
npm warn Unknown project config "target". This will stop working in the next major version of npm.
npm warn Unknown project config "ms_build_id". This will stop working in the next major version of npm.
npm warn Unknown project config "runtime". This will stop working in the next major version of npm.
npm warn Unknown project config "build_from_source". This will stop working in the next major version of npm.
npm warn Unknown project config "timeout". This will stop working in the next major version of npm.

> code-oss-dev@1.99.3 compile
> node ./node_modules/gulp/bin/gulp.js compile

[22:15:19] Using gulpfile /Volumes/T7/Program/Orchestra/gulpfile.js
[22:15:19] Starting 'compile'...
[22:15:19] Starting [36mmonaco-typecheck[39m ...
[22:15:19] Starting [36mclean-out[39m ...
[22:15:19] Starting [36mclean-extension-configuration-editing[39m ...
[22:15:19] Starting [36mclean-extension-css-language-features-client[39m ...
[22:15:19] Starting [36mclean-extension-css-language-features-server[39m ...
[22:15:19] Starting [36mclean-extension-debug-auto-launch[39m ...
[22:15:19] Starting [36mclean-extension-debug-server-ready[39m ...
[22:15:19] Starting [36mclean-extension-emmet[39m ...
[22:15:19] Starting [36mclean-extension-extension-editing[39m ...
[22:15:19] Starting [36mclean-extension-git[39m ...
[22:15:19] Starting [36mclean-extension-git-base[39m ...
[22:15:19] Starting [36mclean-extension-github[39m ...
[22:15:19] Starting [36mclean-extension-github-authentication[39m ...
[22:15:19] Starting [36mclean-extension-grunt[39m ...
[22:15:19] Starting [36mclean-extension-gulp[39m ...
[22:15:19] Starting [36mclean-extension-html-language-features-client[39m ...
[22:15:19] Starting [36mclean-extension-html-language-features-server[39m ...
[22:15:19] Starting [36mclean-extension-ipynb[39m ...
[22:15:19] Starting [36mclean-extension-jake[39m ...
[22:15:19] Starting [36mclean-extension-json-language-features-client[39m ...
[22:15:19] Starting [36mclean-extension-json-language-features-server[39m ...
[22:15:19] Starting [36mclean-extension-markdown-language-features-preview-src[39m ...
[22:15:19] Starting [36mclean-extension-markdown-language-features[39m ...
[22:15:19] Starting [36mclean-extension-markdown-math[39m ...
[22:15:19] Starting [36mclean-extension-media-preview[39m ...
[22:15:19] Starting [36mclean-extension-merge-conflict[39m ...
[22:15:19] Starting [36mclean-extension-terminal-suggest[39m ...
[22:15:19] Starting [36mclean-extension-microsoft-authentication[39m ...
[22:15:19] Starting [36mclean-extension-notebook-renderers[39m ...
[22:15:19] Starting [36mclean-extension-npm[39m ...
[22:15:19] Starting [36mclean-extension-php-language-features[39m ...
[22:15:19] Starting [36mclean-extension-references-view[39m ...
[22:15:19] Starting [36mclean-extension-search-result[39m ...
[22:15:19] Starting [36mclean-extension-simple-browser[39m ...
[22:15:19] Starting [36mclean-extension-tunnel-forwarding[39m ...
[22:15:19] Starting [36mclean-extension-typescript-language-features-test-workspace[39m ...
[22:15:19] Starting [36mclean-extension-typescript-language-features-web[39m ...
[22:15:19] Starting [36mclean-extension-typescript-language-features[39m ...
[22:15:19] Starting [36mclean-extension-vscode-api-tests[39m ...
[22:15:19] Starting [36mclean-extension-vscode-colorize-tests[39m ...
[22:15:19] Starting [36mclean-extension-vscode-colorize-perf-tests[39m ...
[22:15:19] Starting [36mclean-extension-vscode-test-resolver[39m ...
[22:15:19] Starting [36mclean-extension-vscode-selfhost-test-provider[39m ...
[22:15:19] Starting [36mclean-extension-vscode-selfhost-import-aid[39m ...
[22:15:19] Starting [36mcompile-extension-media[39m ...
[22:15:19] Finished [36mclean-out[39m after [35m17 ms[39m
[22:15:19] Starting [36mcompile-api-proposal-names[39m ...
[22:15:19] Starting [32mcompilation[39m[34m api-proposal-names[39m...
[22:15:19] Finished [36mclean-extension-typescript-language-features-test-workspace[39m after [35m30 ms[39m
[22:15:19] Starting [36mcompile-extension:typescript-language-features-test-workspace[39m ...
[22:15:19] Starting [32mcompilation[39m[34m extensions[39m...
[22:15:20] Finished [32mcompilation[39m[34m extensions[39m with 0 errors after [35m642 ms[39m
[22:15:20] Finished [36mcompile-extension:typescript-language-features-test-workspace[39m after [35m659 ms[39m
[22:15:20] Finished [32mesbuilding extension media[39m /Volumes/T7/Program/Orchestra/extensions/markdown-math/esbuild.js with 0 errors.
[22:15:20] Finished [32mesbuilding extension media[39m /Volumes/T7/Program/Orchestra/extensions/simple-browser/esbuild-preview.js with 0 errors.
[22:15:20] Finished [32mesbuilding extension media[39m /Volumes/T7/Program/Orchestra/extensions/notebook-renderers/esbuild.js with 0 errors.
[22:15:20] Finished [32mesbuilding extension media[39m /Volumes/T7/Program/Orchestra/extensions/markdown-language-features/esbuild-preview.js with 0 errors.
[22:15:20] Finished [32mesbuilding extension media[39m /Volumes/T7/Program/Orchestra/extensions/ipynb/esbuild.js with 0 errors.
[22:15:20] Finished [32mesbuilding extension media[39m /Volumes/T7/Program/Orchestra/extensions/markdown-language-features/esbuild-notebook.js with 0 errors.
[22:15:20] Finished [36mcompile-extension-media[39m after [35m700 ms[39m
[22:15:20] Finished [36mclean-extension-emmet[39m after [35m703 ms[39m
[22:15:20] Starting [36mcompile-extension:emmet[39m ...
[22:15:20] Starting [32mcompilation[39m[34m extensions[39m...
[22:15:20] Finished [36mclean-extension-debug-server-ready[39m after [35m741 ms[39m
[22:15:20] Starting [36mcompile-extension:debug-server-ready[39m ...
[22:15:20] Finished [36mclean-extension-github[39m after [35m749 ms[39m
[22:15:20] Starting [36mcompile-extension:github[39m ...
[22:15:20] Finished [36mclean-extension-grunt[39m after [35m764 ms[39m
[22:15:20] Starting [36mcompile-extension:grunt[39m ...
[22:15:20] Finished [36mclean-extension-gulp[39m after [35m771 ms[39m
[22:15:20] Starting [36mcompile-extension:gulp[39m ...
[22:15:20] Finished [36mclean-extension-html-language-features-server[39m after [35m777 ms[39m
[22:15:20] Starting [36mcompile-extension:html-language-features-server[39m ...
[22:15:20] Finished [36mclean-extension-jake[39m after [35m800 ms[39m
[22:15:20] Starting [36mcompile-extension:jake[39m ...
[22:15:20] Finished [36mclean-extension-debug-auto-launch[39m after [35m808 ms[39m
[22:15:20] Starting [36mcompile-extension:debug-auto-launch[39m ...
[22:15:20] Finished [36mclean-extension-markdown-math[39m after [35m814 ms[39m
[22:15:20] Starting [36mcompile-extension:markdown-math[39m ...
[22:15:20] Finished [36mclean-extension-ipynb[39m after [35m819 ms[39m
[22:15:20] Starting [36mcompile-extension:ipynb[39m ...
[22:15:20] Finished [36mclean-extension-markdown-language-features[39m after [35m831 ms[39m
[22:15:20] Starting [36mcompile-extension:markdown-language-features[39m ...
[22:15:20] Finished [36mclean-extension-microsoft-authentication[39m after [35m881 ms[39m
[22:15:20] Starting [36mcompile-extension:microsoft-authentication[39m ...
[22:15:20] Finished [36mclean-extension-tunnel-forwarding[39m after [35m907 ms[39m
[22:15:20] Starting [36mcompile-extension:tunnel-forwarding[39m ...
[22:15:20] Finished [36mclean-extension-extension-editing[39m after [35m915 ms[39m
[22:15:20] Starting [36mcompile-extension:extension-editing[39m ...
[22:15:20] Finished [36mclean-extension-merge-conflict[39m after [35m922 ms[39m
[22:15:20] Starting [36mcompile-extension:merge-conflict[39m ...
[22:15:20] Finished [36mclean-extension-git[39m after [35m930 ms[39m
[22:15:20] Starting [36mcompile-extension:git[39m ...
[22:15:20] Finished [36mclean-extension-github-authentication[39m after [35m992 ms[39m
[22:15:20] Starting [36mcompile-extension:github-authentication[39m ...
[22:15:20] Finished [36mclean-extension-simple-browser[39m after [35m1000 ms[39m
[22:15:20] Starting [36mcompile-extension:simple-browser[39m ...
[22:15:20] Finished [36mclean-extension-vscode-colorize-tests[39m after [35m1007 ms[39m
[22:15:20] Starting [36mcompile-extension:vscode-colorize-tests[39m ...
[22:15:20] Finished [36mclean-extension-vscode-api-tests[39m after [35m1013 ms[39m
[22:15:20] Starting [36mcompile-extension:vscode-api-tests[39m ...
[22:15:21] Finished [36mclean-extension-vscode-colorize-perf-tests[39m after [35m1054 ms[39m
[22:15:21] Starting [36mcompile-extension:vscode-colorize-perf-tests[39m ...
[22:15:21] Finished [36mclean-extension-typescript-language-features[39m after [35m1061 ms[39m
[22:15:21] Starting [36mcompile-extension:typescript-language-features[39m ...
[22:15:21] Finished [36mclean-extension-vscode-selfhost-test-provider[39m after [35m1161 ms[39m
[22:15:21] Starting [36mcompile-extension:vscode-selfhost-test-provider[39m ...
[22:15:21] Finished [36mclean-extension-vscode-selfhost-import-aid[39m after [35m1169 ms[39m
[22:15:21] Starting [36mcompile-extension:vscode-selfhost-import-aid[39m ...
[22:15:21] Finished [36mclean-extension-css-language-features-server[39m after [35m1215 ms[39m
[22:15:21] Starting [36mcompile-extension:css-language-features-server[39m ...
[22:15:21] Finished [36mclean-extension-html-language-features-client[39m after [35m1219 ms[39m
[22:15:21] Starting [36mcompile-extension:html-language-features-client[39m ...
[22:15:21] Finished [36mclean-extension-git-base[39m after [35m1228 ms[39m
[22:15:21] Starting [36mcompile-extension:git-base[39m ...
[22:15:21] Finished [36mclean-extension-css-language-features-client[39m after [35m1234 ms[39m
[22:15:21] Starting [36mcompile-extension:css-language-features-client[39m ...
[22:15:21] Finished [36mclean-extension-json-language-features-server[39m after [35m1240 ms[39m
[22:15:21] Starting [36mcompile-extension:json-language-features-server[39m ...
[22:15:21] Finished [36mclean-extension-json-language-features-client[39m after [35m1243 ms[39m
[22:15:21] Starting [36mcompile-extension:json-language-features-client[39m ...
[22:15:21] Finished [36mclean-extension-markdown-language-features-preview-src[39m after [35m1250 ms[39m
[22:15:21] Starting [36mcompile-extension:markdown-language-features-preview-src[39m ...
[22:15:21] Finished [36mclean-extension-media-preview[39m after [35m1253 ms[39m
[22:15:21] Starting [36mcompile-extension:media-preview[39m ...
[22:15:21] Finished [36mclean-extension-terminal-suggest[39m after [35m1260 ms[39m
[22:15:21] Starting [36mcompile-extension:terminal-suggest[39m ...
[22:15:21] Finished [36mclean-extension-notebook-renderers[39m after [35m1373 ms[39m
[22:15:21] Starting [36mcompile-extension:notebook-renderers[39m ...
[22:15:21] Finished [36mclean-extension-npm[39m after [35m1381 ms[39m
[22:15:21] Starting [36mcompile-extension:npm[39m ...
[22:15:21] Finished [36mclean-extension-search-result[39m after [35m1389 ms[39m
[22:15:21] Starting [36mcompile-extension:search-result[39m ...
[22:15:21] Finished [36mclean-extension-references-view[39m after [35m1395 ms[39m
[22:15:21] Starting [36mcompile-extension:references-view[39m ...
[22:15:21] Finished [36mclean-extension-configuration-editing[39m after [35m1404 ms[39m
[22:15:21] Starting [36mcompile-extension:configuration-editing[39m ...
[22:15:21] Finished [36mclean-extension-typescript-language-features-web[39m after [35m1410 ms[39m
[22:15:21] Starting [36mcompile-extension:typescript-language-features-web[39m ...
[22:15:21] Finished [36mclean-extension-vscode-test-resolver[39m after [35m1425 ms[39m
[22:15:21] Starting [36mcompile-extension:vscode-test-resolver[39m ...
(node:18908) [DEP0180] DeprecationWarning: fs.Stats constructor is deprecated.
(Use `node --trace-deprecation ...` to show where the warning was created)
[22:15:24] Finished [36mclean-extension-php-language-features[39m after [35m4198 ms[39m
[22:15:24] Starting [36mcompile-extension:php-language-features[39m ...
[22:15:25] Finished [36mcompile-extension:vscode-selfhost-import-aid[39m after [35m3961 ms[39m
[22:15:25] Finished [36mcompile-extension:jake[39m after [35m4448 ms[39m
[22:15:25] Finished [36mcompile-extension:debug-server-ready[39m after [35m4508 ms[39m
[22:15:25] Finished [36mcompile-extension:debug-auto-launch[39m after [35m4441 ms[39m
[22:15:25] Finished [36mcompile-extension:gulp[39m after [35m4477 ms[39m
[22:15:25] Finished [36mcompile-extension:markdown-math[39m after [35m4435 ms[39m
[22:15:25] Finished [36mcompile-extension:grunt[39m after [35m4486 ms[39m
[22:15:27] Finished [36mcompile-extension:search-result[39m after [35m6296 ms[39m
[22:15:27] Finished [36mcompile-extension:vscode-colorize-tests[39m after [35m6679 ms[39m
[22:15:27] Finished [36mcompile-extension:vscode-colorize-perf-tests[39m after [35m6633 ms[39m
[22:15:27] Finished [36mcompile-extension:tunnel-forwarding[39m after [35m6781 ms[39m
[22:15:29] Finished [36mmonaco-typecheck[39m after [35m9762 ms[39m
[22:15:31] Finished [36mcompile-extension:simple-browser[39m after [35m10111 ms[39m
[22:15:32] Finished [36mcompile-extension:vscode-test-resolver[39m after [35m11504 ms[39m
[22:15:33] [31mError[39m: /Volumes/T7/Program/Orchestra/.vscode/extensions/vscode-selfhost-test-provider/src/testOutputScanner.ts(354,18): Parameter 'uri' implicitly has an 'any' type.
[22:15:33] [31mError[39m: /Volumes/T7/Program/Orchestra/.vscode/extensions/vscode-selfhost-test-provider/src/testOutputScanner.ts(355,20): Parameter 'uri' implicitly has an 'any' type.
[22:15:33] [31mError[39m: /Volumes/T7/Program/Orchestra/.vscode/extensions/vscode-selfhost-test-provider/src/testOutputScanner.ts(355,25): Parameter 'position' implicitly has an 'any' type.
[22:15:33] [31mError[39m: /Volumes/T7/Program/Orchestra/.vscode/extensions/vscode-selfhost-test-provider/src/importGraph.ts(8,26): Cannot find module 'cockatiel' or its corresponding type declarations.
[22:15:33] [31mError[39m: /Volumes/T7/Program/Orchestra/.vscode/extensions/vscode-selfhost-test-provider/src/coverageProvider.ts(6,41): Cannot find module 'istanbul-to-vscode' or its corresponding type declarations.
[22:15:33] Finished [32mcompilation[39m[34m extensions[39m with 5 errors after [35m13089 ms[39m
[22:15:33] 'compile' errored after 14 s
[22:15:33] Error: Found 5 errors
    at Stream.<anonymous> (/Volumes/T7/Program/Orchestra/build/lib/reporter.js:94:29)
    at _end (/Volumes/T7/Program/Orchestra/node_modules/through/index.js:65:9)
    at stream.end (/Volumes/T7/Program/Orchestra/node_modules/through/index.js:74:5)
    at Duplex.onend (/Volumes/T7/Program/Orchestra/node_modules/streamfilter/node_modules/readable-stream/lib/_stream_readable.js:577:10)
    at Object.onceWrapper (node:events:622:28)
    at Duplex.emit (node:events:520:35)
    at Duplex.emit (node:domain:552:15)
    at endReadableNT (/Volumes/T7/Program/Orchestra/node_modules/streamfilter/node_modules/readable-stream/lib/_stream_readable.js:1010:12)
    at processTicksAndRejections (node:internal/process/task_queues:90:21)
    at runNextTicks (node:internal/process/task_queues:69:3)
