npm warn Unknown project config "disturl". This will stop working in the next major version of npm.
npm warn Unknown project config "target". This will stop working in the next major version of npm.
npm warn Unknown project config "ms_build_id". This will stop working in the next major version of npm.
npm warn Unknown project config "runtime". This will stop working in the next major version of npm.
npm warn Unknown project config "build_from_source". This will stop working in the next major version of npm.
npm warn Unknown project config "timeout". This will stop working in the next major version of npm.

> code-oss-dev@1.99.3 compile
> node ./node_modules/gulp/bin/gulp.js compile

[22:43:00] Using gulpfile /Volumes/T7/Program/Orchestra/gulpfile.js
[22:43:00] Starting 'compile'...
[22:43:00] Starting [36mmonaco-typecheck[39m ...
[22:43:00] Starting [36mclean-out[39m ...
[22:43:00] Starting [36mclean-extension-configuration-editing[39m ...
[22:43:00] Starting [36mclean-extension-css-language-features-client[39m ...
[22:43:00] Starting [36mclean-extension-css-language-features-server[39m ...
[22:43:00] Starting [36mclean-extension-debug-auto-launch[39m ...
[22:43:00] Starting [36mclean-extension-debug-server-ready[39m ...
[22:43:00] Starting [36mclean-extension-emmet[39m ...
[22:43:00] Starting [36mclean-extension-extension-editing[39m ...
[22:43:00] Starting [36mclean-extension-git[39m ...
[22:43:00] Starting [36mclean-extension-git-base[39m ...
[22:43:00] Starting [36mclean-extension-github[39m ...
[22:43:00] Starting [36mclean-extension-github-authentication[39m ...
[22:43:00] Starting [36mclean-extension-grunt[39m ...
[22:43:00] Starting [36mclean-extension-gulp[39m ...
[22:43:00] Starting [36mclean-extension-html-language-features-client[39m ...
[22:43:00] Starting [36mclean-extension-html-language-features-server[39m ...
[22:43:00] Starting [36mclean-extension-ipynb[39m ...
[22:43:00] Starting [36mclean-extension-jake[39m ...
[22:43:00] Starting [36mclean-extension-json-language-features-client[39m ...
[22:43:00] Starting [36mclean-extension-json-language-features-server[39m ...
[22:43:00] Starting [36mclean-extension-markdown-language-features-preview-src[39m ...
[22:43:00] Starting [36mclean-extension-markdown-language-features[39m ...
[22:43:00] Starting [36mclean-extension-markdown-math[39m ...
[22:43:00] Starting [36mclean-extension-media-preview[39m ...
[22:43:00] Starting [36mclean-extension-merge-conflict[39m ...
[22:43:00] Starting [36mclean-extension-terminal-suggest[39m ...
[22:43:00] Starting [36mclean-extension-microsoft-authentication[39m ...
[22:43:00] Starting [36mclean-extension-notebook-renderers[39m ...
[22:43:00] Starting [36mclean-extension-npm[39m ...
[22:43:00] Starting [36mclean-extension-php-language-features[39m ...
[22:43:00] Starting [36mclean-extension-references-view[39m ...
[22:43:00] Starting [36mclean-extension-search-result[39m ...
[22:43:00] Starting [36mclean-extension-simple-browser[39m ...
[22:43:00] Starting [36mclean-extension-tunnel-forwarding[39m ...
[22:43:00] Starting [36mclean-extension-typescript-language-features-test-workspace[39m ...
[22:43:00] Starting [36mclean-extension-typescript-language-features-web[39m ...
[22:43:00] Starting [36mclean-extension-typescript-language-features[39m ...
[22:43:00] Starting [36mclean-extension-vscode-api-tests[39m ...
[22:43:00] Starting [36mclean-extension-vscode-colorize-tests[39m ...
[22:43:00] Starting [36mclean-extension-vscode-colorize-perf-tests[39m ...
[22:43:00] Starting [36mclean-extension-vscode-test-resolver[39m ...
[22:43:00] Starting [36mclean-extension-vscode-selfhost-test-provider[39m ...
[22:43:00] Starting [36mclean-extension-vscode-selfhost-import-aid[39m ...
[22:43:00] Starting [36mcompile-extension-media[39m ...
[22:43:00] Finished [36mclean-extension-typescript-language-features-test-workspace[39m after [35m17 ms[39m
[22:43:00] Starting [36mcompile-extension:typescript-language-features-test-workspace[39m ...
[22:43:00] Starting [32mcompilation[39m[34m extensions[39m...
[22:43:01] Finished [32mcompilation[39m[34m extensions[39m with 0 errors after [35m1259 ms[39m
[22:43:01] Finished [36mcompile-extension:typescript-language-features-test-workspace[39m after [35m1284 ms[39m
[22:43:01] Finished [32mesbuilding extension media[39m /Volumes/T7/Program/Orchestra/extensions/markdown-math/esbuild.js with 0 errors.
[22:43:01] Finished [32mesbuilding extension media[39m /Volumes/T7/Program/Orchestra/extensions/markdown-language-features/esbuild-preview.js with 0 errors.
[22:43:01] Finished [32mesbuilding extension media[39m /Volumes/T7/Program/Orchestra/extensions/simple-browser/esbuild-preview.js with 0 errors.
[22:43:01] Finished [32mesbuilding extension media[39m /Volumes/T7/Program/Orchestra/extensions/notebook-renderers/esbuild.js with 0 errors.
[22:43:01] Finished [32mesbuilding extension media[39m /Volumes/T7/Program/Orchestra/extensions/ipynb/esbuild.js with 0 errors.
[22:43:01] Finished [32mesbuilding extension media[39m /Volumes/T7/Program/Orchestra/extensions/markdown-language-features/esbuild-notebook.js with 0 errors.
[22:43:01] Finished [36mcompile-extension-media[39m after [35m1323 ms[39m
[22:43:01] Finished [36mclean-extension-debug-server-ready[39m after [35m1372 ms[39m
[22:43:01] Starting [36mcompile-extension:debug-server-ready[39m ...
[22:43:01] Starting [32mcompilation[39m[34m extensions[39m...
[22:43:01] Finished [36mclean-extension-debug-auto-launch[39m after [35m1422 ms[39m
[22:43:01] Starting [36mcompile-extension:debug-auto-launch[39m ...
[22:43:01] Finished [36mclean-extension-extension-editing[39m after [35m1434 ms[39m
[22:43:01] Starting [36mcompile-extension:extension-editing[39m ...
[22:43:01] Finished [36mclean-extension-gulp[39m after [35m1471 ms[39m
[22:43:01] Starting [36mcompile-extension:gulp[39m ...
[22:43:01] Finished [36mclean-extension-grunt[39m after [35m1487 ms[39m
[22:43:01] Starting [36mcompile-extension:grunt[39m ...
[22:43:01] Finished [36mclean-extension-jake[39m after [35m1507 ms[39m
[22:43:01] Starting [36mcompile-extension:jake[39m ...
[22:43:01] Finished [36mclean-extension-markdown-math[39m after [35m1524 ms[39m
[22:43:01] Starting [36mcompile-extension:markdown-math[39m ...
[22:43:01] Finished [36mclean-extension-merge-conflict[39m after [35m1537 ms[39m
[22:43:01] Starting [36mcompile-extension:merge-conflict[39m ...
[22:43:01] Finished [36mclean-extension-tunnel-forwarding[39m after [35m1600 ms[39m
[22:43:01] Starting [36mcompile-extension:tunnel-forwarding[39m ...
[22:43:01] Finished [36mclean-extension-vscode-colorize-perf-tests[39m after [35m1611 ms[39m
[22:43:01] Starting [36mcompile-extension:vscode-colorize-perf-tests[39m ...
[22:43:01] Finished [36mclean-extension-vscode-colorize-tests[39m after [35m1617 ms[39m
[22:43:01] Starting [36mcompile-extension:vscode-colorize-tests[39m ...
[22:43:01] Finished [36mclean-extension-simple-browser[39m after [35m1626 ms[39m
[22:43:01] Starting [36mcompile-extension:simple-browser[39m ...
[22:43:01] Finished [36mclean-extension-vscode-selfhost-import-aid[39m after [35m1636 ms[39m
[22:43:01] Starting [36mcompile-extension:vscode-selfhost-import-aid[39m ...
[22:43:01] Finished [36mclean-extension-vscode-selfhost-test-provider[39m after [35m1653 ms[39m
[22:43:01] Starting [36mcompile-extension:vscode-selfhost-test-provider[39m ...
[22:43:01] Finished [36mclean-extension-configuration-editing[39m after [35m1693 ms[39m
[22:43:01] Starting [36mcompile-extension:configuration-editing[39m ...
[22:43:01] Finished [36mclean-extension-css-language-features-client[39m after [35m1708 ms[39m
[22:43:01] Starting [36mcompile-extension:css-language-features-client[39m ...
[22:43:01] Finished [36mclean-extension-emmet[39m after [35m1722 ms[39m
[22:43:01] Starting [36mcompile-extension:emmet[39m ...
[22:43:01] Finished [36mclean-extension-git-base[39m after [35m1768 ms[39m
[22:43:01] Starting [36mcompile-extension:git-base[39m ...
[22:43:01] Finished [36mclean-extension-html-language-features-client[39m after [35m1778 ms[39m
[22:43:01] Starting [36mcompile-extension:html-language-features-client[39m ...
[22:43:01] Finished [36mclean-extension-ipynb[39m after [35m1791 ms[39m
[22:43:01] Starting [36mcompile-extension:ipynb[39m ...
[22:43:01] Finished [36mclean-extension-markdown-language-features-preview-src[39m after [35m1814 ms[39m
[22:43:01] Starting [36mcompile-extension:markdown-language-features-preview-src[39m ...
[22:43:01] Finished [36mclean-extension-json-language-features-client[39m after [35m1817 ms[39m
[22:43:01] Starting [36mcompile-extension:json-language-features-client[39m ...
[22:43:01] Finished [36mclean-extension-media-preview[39m after [35m1829 ms[39m
[22:43:01] Starting [36mcompile-extension:media-preview[39m ...
[22:43:01] Finished [36mclean-extension-git[39m after [35m1844 ms[39m
[22:43:01] Starting [36mcompile-extension:git[39m ...
[22:43:02] Finished [36mclean-extension-json-language-features-server[39m after [35m1925 ms[39m
[22:43:02] Starting [36mcompile-extension:json-language-features-server[39m ...
[22:43:02] Finished [36mclean-extension-notebook-renderers[39m after [35m1935 ms[39m
[22:43:02] Starting [36mcompile-extension:notebook-renderers[39m ...
[22:43:02] Finished [36mclean-extension-css-language-features-server[39m after [35m1948 ms[39m
[22:43:02] Starting [36mcompile-extension:css-language-features-server[39m ...
[22:43:02] Finished [36mclean-extension-github[39m after [35m1964 ms[39m
[22:43:02] Starting [36mcompile-extension:github[39m ...
[22:43:02] Finished [36mclean-extension-search-result[39m after [35m1990 ms[39m
[22:43:02] Starting [36mcompile-extension:search-result[39m ...
[22:43:02] Finished [36mclean-extension-references-view[39m after [35m1997 ms[39m
[22:43:02] Starting [36mcompile-extension:references-view[39m ...
[22:43:02] Finished [36mclean-extension-vscode-test-resolver[39m after [35m2014 ms[39m
[22:43:02] Starting [36mcompile-extension:vscode-test-resolver[39m ...
[22:43:02] Finished [36mclean-extension-npm[39m after [35m2027 ms[39m
[22:43:02] Starting [36mcompile-extension:npm[39m ...
[22:43:02] Finished [36mclean-extension-typescript-language-features-web[39m after [35m2046 ms[39m
[22:43:02] Starting [36mcompile-extension:typescript-language-features-web[39m ...
[22:43:02] Finished [36mclean-extension-vscode-api-tests[39m after [35m2057 ms[39m
[22:43:02] Starting [36mcompile-extension:vscode-api-tests[39m ...
(node:28512) [DEP0180] DeprecationWarning: fs.Stats constructor is deprecated.
(Use `node --trace-deprecation ...` to show where the warning was created)
[22:43:05] Finished [36mclean-extension-github-authentication[39m after [35m5504 ms[39m
[22:43:05] Starting [36mcompile-extension:github-authentication[39m ...
[22:43:05] Finished [36mclean-extension-markdown-language-features[39m after [35m5521 ms[39m
[22:43:05] Starting [36mcompile-extension:markdown-language-features[39m ...
[22:43:05] Finished [36mclean-extension-php-language-features[39m after [35m5557 ms[39m
[22:43:05] Starting [36mcompile-extension:php-language-features[39m ...
[22:43:05] Finished [36mclean-extension-microsoft-authentication[39m after [35m5575 ms[39m
[22:43:05] Starting [36mcompile-extension:microsoft-authentication[39m ...
[22:43:05] Finished [36mclean-extension-typescript-language-features[39m after [35m5627 ms[39m
[22:43:05] Starting [36mcompile-extension:typescript-language-features[39m ...
[22:43:05] Finished [36mclean-extension-terminal-suggest[39m after [35m5790 ms[39m
[22:43:05] Starting [36mcompile-extension:terminal-suggest[39m ...
[22:43:07] Finished [36mclean-extension-html-language-features-server[39m after [35m7046 ms[39m
[22:43:07] Starting [36mcompile-extension:html-language-features-server[39m ...
[22:43:07] Finished [36mcompile-extension:vscode-selfhost-import-aid[39m after [35m5595 ms[39m
[22:43:07] Finished [36mcompile-extension:debug-server-ready[39m after [35m5863 ms[39m
[22:43:07] Finished [36mcompile-extension:gulp[39m after [35m5912 ms[39m
[22:43:07] Finished [36mcompile-extension:debug-auto-launch[39m after [35m5962 ms[39m
[22:43:07] Finished [36mcompile-extension:grunt[39m after [35m5897 ms[39m
[22:43:07] Finished [36mcompile-extension:markdown-math[39m after [35m5860 ms[39m
[22:43:07] Finished [36mcompile-extension:jake[39m after [35m5877 ms[39m
[22:43:10] Finished [36mclean-out[39m after [35m10127 ms[39m
[22:43:10] Starting [36mcompile-api-proposal-names[39m ...
[22:43:10] Starting [32mcompilation[39m[34m api-proposal-names[39m...
[22:43:10] Finished [36mcompile-extension:search-result[39m after [35m8138 ms[39m
[22:43:10] Finished [36mmonaco-typecheck[39m after [35m10133 ms[39m
[22:43:10] Finished [36mcompile-extension:tunnel-forwarding[39m after [35m8531 ms[39m
[22:43:10] Finished [36mcompile-extension:vscode-colorize-perf-tests[39m after [35m8521 ms[39m
[22:43:10] Finished [36mcompile-extension:vscode-colorize-tests[39m after [35m8514 ms[39m
[22:43:13] Finished [36mcompile-extension:simple-browser[39m after [35m11568 ms[39m
[22:43:14] Finished [36mcompile-extension:vscode-test-resolver[39m after [35m12424 ms[39m
[22:43:16] Finished [36mcompile-extension:extension-editing[39m after [35m14841 ms[39m
[22:43:16] Finished [36mcompile-extension:markdown-language-features-preview-src[39m after [35m14460 ms[39m
[22:43:17] Finished [36mcompile-extension:json-language-features-client[39m after [35m15372 ms[39m
[22:43:18] Finished [36mcompile-extension:html-language-features-client[39m after [35m16416 ms[39m
[22:43:18] Finished [36mcompile-extension:configuration-editing[39m after [35m16510 ms[39m
[22:43:18] Finished [36mcompile-extension:git-base[39m after [35m16440 ms[39m
[22:43:18] Finished [36mcompile-extension:css-language-features-client[39m after [35m16516 ms[39m
[22:43:18] Finished [36mcompile-extension:json-language-features-server[39m after [35m16299 ms[39m
[22:43:18] Finished [36mcompile-extension:php-language-features[39m after [35m12675 ms[39m
[22:43:18] Finished [36mcompile-extension:merge-conflict[39m after [35m16725 ms[39m
[22:43:18] Finished [36mcompile-extension:media-preview[39m after [35m16439 ms[39m
[22:43:18] Finished [36mcompile-extension:typescript-language-features-web[39m after [35m16224 ms[39m
[22:43:18] Finished [36mcompile-extension:references-view[39m after [35m16287 ms[39m
[22:43:18] Finished [36mcompile-extension:notebook-renderers[39m after [35m16367 ms[39m
[22:43:18] Finished [36mcompile-extension:npm[39m after [35m16279 ms[39m
[22:43:19] Finished [36mcompile-extension:css-language-features-server[39m after [35m17066 ms[39m
[22:43:19] Finished [36mcompile-extension:vscode-selfhost-test-provider[39m after [35m18145 ms[39m
[22:43:19] Finished [36mcompile-extension:github[39m after [35m17839 ms[39m
[22:43:20] Finished [36mcompile-extension:ipynb[39m after [35m18701 ms[39m
[22:43:20] Finished [36mcompile-extension:github-authentication[39m after [35m14998 ms[39m
[22:43:22] Finished [36mcompile-extension:microsoft-authentication[39m after [35m16939 ms[39m
[22:43:23] Finished [36mcompile-extension:vscode-api-tests[39m after [35m21394 ms[39m
[22:43:23] Finished [36mcompile-extension:emmet[39m after [35m21745 ms[39m
[22:43:23] Finished [36mcompile-extension:html-language-features-server[39m after [35m16424 ms[39m
[22:43:23] Finished [36mcompile-extension:git[39m after [35m21662 ms[39m
[22:43:23] Finished [36mcompile-extension:markdown-language-features[39m after [35m18004 ms[39m
[22:43:24] Finished [36mcompile-extension:terminal-suggest[39m after [35m18902 ms[39m
[22:43:26] Finished [32mcompilation[39m[34m api-proposal-names[39m with 0 errors after [35m15833 ms[39m
[22:43:26] Finished [36mcompile-api-proposal-names[39m after [35m15837 ms[39m
[22:43:26] Starting [36mcompile-src[39m ...
[22:43:26] Starting [32mcompilation[39m...
[22:43:26] Finished [32mcompilation[39m[34m extensions[39m with 0 errors after [35m25181 ms[39m
[22:43:26] Finished [36mcompile-extension:typescript-language-features[39m after [35m21044 ms[39m
[22:43:26] Starting [36mcompile-extensions[39m ...
[22:43:26] Finished [36mcompile-extensions[39m after [35m0 ms[39m
[22:44:46] [31mError[39m: /Volumes/T7/Program/Orchestra/src/vs/workbench/contrib/void/electron-main/llmMessage/sendLLMMessage.ts(114,217): Type 'boolean | undefined' is not assignable to type 'boolean'.
  Type 'undefined' is not assignable to type 'boolean'.
[22:44:46] [31mError[39m: /Volumes/T7/Program/Orchestra/src/vs/workbench/contrib/void/electron-main/llmMessage/sendLLMMessage.ts(119,197): Type 'boolean | undefined' is not assignable to type 'boolean'.
  Type 'undefined' is not assignable to type 'boolean'.
[22:44:46] [31mError[39m: /Volumes/T7/Program/Orchestra/src/vs/workbench/contrib/void/electron-main/sendLLMMessageChannel.ts(138,54): Argument of type 'ModelListParams<OllamaModelResponse>' is not assignable to parameter of type 'ListParams_Internal<OllamaModelResponse>'.
  Type 'ModelListParams<OllamaModelResponse>' is not assignable to type '{ isLoggedIn: boolean; }'.
    Types of property 'isLoggedIn' are incompatible.
      Type 'boolean | undefined' is not assignable to type 'boolean'.
        Type 'undefined' is not assignable to type 'boolean'.
[22:44:46] [31mError[39m: /Volumes/T7/Program/Orchestra/src/vs/workbench/contrib/void/electron-main/sendLLMMessageChannel.ts(149,61): Argument of type 'ModelListParams<OpenaiCompatibleModelResponse>' is not assignable to parameter of type 'ListParams_Internal<any>'.
  Type 'ModelListParams<OpenaiCompatibleModelResponse>' is not assignable to type '{ isLoggedIn: boolean; }'.
    Types of property 'isLoggedIn' are incompatible.
      Type 'boolean | undefined' is not assignable to type 'boolean'.
        Type 'undefined' is not assignable to type 'boolean'.
[22:44:46] Finished [32mcompilation[39m with 4 errors after [35m80428 ms[39m
[22:44:46] [31mError[39m: /Volumes/T7/Program/Orchestra/src/vs/workbench/contrib/void/electron-main/llmMessage/sendLLMMessage.ts(114,217): Type 'boolean | undefined' is not assignable to type 'boolean'.
  Type 'undefined' is not assignable to type 'boolean'.
[22:44:46] [31mError[39m: /Volumes/T7/Program/Orchestra/src/vs/workbench/contrib/void/electron-main/llmMessage/sendLLMMessage.ts(119,197): Type 'boolean | undefined' is not assignable to type 'boolean'.
  Type 'undefined' is not assignable to type 'boolean'.
[22:44:46] [31mError[39m: /Volumes/T7/Program/Orchestra/src/vs/workbench/contrib/void/electron-main/sendLLMMessageChannel.ts(138,54): Argument of type 'ModelListParams<OllamaModelResponse>' is not assignable to parameter of type 'ListParams_Internal<OllamaModelResponse>'.
  Type 'ModelListParams<OllamaModelResponse>' is not assignable to type '{ isLoggedIn: boolean; }'.
    Types of property 'isLoggedIn' are incompatible.
      Type 'boolean | undefined' is not assignable to type 'boolean'.
        Type 'undefined' is not assignable to type 'boolean'.
[22:44:46] [31mError[39m: /Volumes/T7/Program/Orchestra/src/vs/workbench/contrib/void/electron-main/sendLLMMessageChannel.ts(149,61): Argument of type 'ModelListParams<OpenaiCompatibleModelResponse>' is not assignable to parameter of type 'ListParams_Internal<any>'.
  Type 'ModelListParams<OpenaiCompatibleModelResponse>' is not assignable to type '{ isLoggedIn: boolean; }'.
    Types of property 'isLoggedIn' are incompatible.
      Type 'boolean | undefined' is not assignable to type 'boolean'.
        Type 'undefined' is not assignable to type 'boolean'.
[22:44:46] Finished [32mcompilation[39m with 4 errors after [35m80434 ms[39m
[22:44:46] 'compile' errored after 1.77 min
[22:44:46] Error: Found 4 errors
    at Stream.<anonymous> (/Volumes/T7/Program/Orchestra/build/lib/reporter.js:94:29)
    at _end (/Volumes/T7/Program/Orchestra/node_modules/through/index.js:65:9)
    at stream.end (/Volumes/T7/Program/Orchestra/node_modules/through/index.js:74:5)
    at Stream.onend (node:internal/streams/legacy:48:10)
    at Stream.emit (node:events:520:35)
    at Stream.emit (node:domain:552:15)
    at drain (/Volumes/T7/Program/Orchestra/node_modules/through/index.js:34:23)
    at stream.queue.stream.push (/Volumes/T7/Program/Orchestra/node_modules/through/index.js:45:5)
    at Stream.end (/Volumes/T7/Program/Orchestra/node_modules/through/index.js:15:35)
    at _end (/Volumes/T7/Program/Orchestra/node_modules/through/index.js:65:9)
